MPLINK 5.09, LINKER
Linker Map File - Created Sat Dec  7 20:11:59 2019

                                 Section Info
                  Section       Type    Address   Location Size(Bytes)
                ---------  ---------  ---------  ---------  ---------
                   .org_0       code   0x000000    program   0x000042
                   .cinit    romdata   0x000021    program   0x000004
.config_2007_BUILD/DEFAULT/PRODUCTION/RUNSEWE       code   0x002007    program   0x000002



                              Program Memory Usage 
                               Start         End      
                           ---------   ---------      
                            0x000000    0x000022      
                            0x002007    0x002007      
            36 out of 8454 program addresses used, program memory utilization is 0%



                              Symbols - Sorted by Name
                     Name    Address   Location    Storage File                     
                ---------  ---------  ---------  --------- ---------                
                    AGAIN   0x00000a    program     static /Users/orerunzy99/MPLABXProjects/runsewe_homework1.X/runsewe_monitorcircuits.asm
               Delay100us   0x00001c    program     static /Users/orerunzy99/MPLABXProjects/runsewe_homework1.X/runsewe_monitorcircuits.asm
                  Delay1s   0x000010    program     static /Users/orerunzy99/MPLABXProjects/runsewe_homework1.X/runsewe_monitorcircuits.asm
                Delay25ms   0x000016    program     static /Users/orerunzy99/MPLABXProjects/runsewe_homework1.X/runsewe_monitorcircuits.asm
                   ENDING   0x000021    program     static /Users/orerunzy99/MPLABXProjects/runsewe_homework1.X/runsewe_monitorcircuits.asm
                   R100us   0x00001e    program     static /Users/orerunzy99/MPLABXProjects/runsewe_homework1.X/runsewe_monitorcircuits.asm
                      R1s   0x000012    program     static /Users/orerunzy99/MPLABXProjects/runsewe_homework1.X/runsewe_monitorcircuits.asm
                    R25ms   0x000018    program     static /Users/orerunzy99/MPLABXProjects/runsewe_homework1.X/runsewe_monitorcircuits.asm
                    START   0x000005    program     static /Users/orerunzy99/MPLABXProjects/runsewe_homework1.X/runsewe_monitorcircuits.asm



                              Symbols - Sorted by Address
                     Name    Address   Location    Storage File                     
                ---------  ---------  ---------  --------- ---------                
                    START   0x000005    program     static /Users/orerunzy99/MPLABXProjects/runsewe_homework1.X/runsewe_monitorcircuits.asm
                    AGAIN   0x00000a    program     static /Users/orerunzy99/MPLABXProjects/runsewe_homework1.X/runsewe_monitorcircuits.asm
                  Delay1s   0x000010    program     static /Users/orerunzy99/MPLABXProjects/runsewe_homework1.X/runsewe_monitorcircuits.asm
                      R1s   0x000012    program     static /Users/orerunzy99/MPLABXProjects/runsewe_homework1.X/runsewe_monitorcircuits.asm
                Delay25ms   0x000016    program     static /Users/orerunzy99/MPLABXProjects/runsewe_homework1.X/runsewe_monitorcircuits.asm
                    R25ms   0x000018    program     static /Users/orerunzy99/MPLABXProjects/runsewe_homework1.X/runsewe_monitorcircuits.asm
               Delay100us   0x00001c    program     static /Users/orerunzy99/MPLABXProjects/runsewe_homework1.X/runsewe_monitorcircuits.asm
                   R100us   0x00001e    program     static /Users/orerunzy99/MPLABXProjects/runsewe_homework1.X/runsewe_monitorcircuits.asm
                   ENDING   0x000021    program     static /Users/orerunzy99/MPLABXProjects/runsewe_homework1.X/runsewe_monitorcircuits.asm


